
Provisioning Users in DB...

Γ£à Simulation artifact written to: artifacts/simulations/v1_run_real.json

Γ£à Phase 14/17 Hybrid Real Integration Completed
Traceback (most recent call last):
  File "/usr/local/lib/python3.13/site-packages/sqlalchemy/sql/base.py", line 2215, in _entity_namespace_key
    return getattr(ns, key)  # type: ignore
AttributeError: type object 'GovernanceUser' has no attribute 'email'

The above exception was the direct cause of the following exception:

Traceback (most recent call last):
  File "/workspace/scripts/simulate_hybrid_v1.py", line 320, in <module>
    main()
    ~~~~^^
  File "/workspace/scripts/simulate_hybrid_v1.py", line 313, in main
    sim.provision_users()
    ~~~~~~~~~~~~~~~~~~~^^
  File "/workspace/scripts/simulate_hybrid_v1.py", line 140, in provision_users
    user = self.session.query(GovernanceUser).filter_by(email=email).first()
           ~~~~~~~~~~~~~~~~~~~~~~~~~~~~~~~~~~~~~~~~~~~~^^^^^^^^^^^^^
  File "/usr/local/lib/python3.13/site-packages/sqlalchemy/orm/query.py", line 1992, in filter_by
    _entity_namespace_key(from_entity, key) == value
    ~~~~~~~~~~~~~~~~~~~~~^^^^^^^^^^^^^^^^^^
  File "/usr/local/lib/python3.13/site-packages/sqlalchemy/sql/base.py", line 2217, in _entity_namespace_key
    raise exc.InvalidRequestError(
        'Entity namespace for "%s" has no property "%s"' % (entity, key)
    ) from err
sqlalchemy.exc.InvalidRequestError: Entity namespace for "governance_users" has no property "email"
